// Bun Snapshot v1, https://goo.gl/fbAQLP

exports[`PostAuthor renders correctly 1`] = `
{
  "$$typeof": Symbol(react.test.json),
  "children": [
    {
      "$$typeof": Symbol(react.test.json),
      "children": [
        "A blog about blockchain technology, DeFi, and the future of finance.",
        {
          "$$typeof": Symbol(react.test.json),
          "children": [
            {
              "$$typeof": Symbol(react.test.json),
              "children": [
                "Jay Schulman",
              ],
              "props": {},
              "type": "strong",
            },
            " on X",
          ],
          "props": {
            "className": undefined,
            "href": "https://www.x.com/#",
            "rel": "noopener noreferrer",
            "target": "_blank",
          },
          "type": "a",
        },
      ],
      "props": {
        "className": undefined,
      },
      "type": "p",
    },
  ],
  "props": {
    "className": undefined,
  },
  "type": "div",
}
`;
