// Bun Snapshot v1, https://goo.gl/fbAQLP

exports[`PostTemplate renders correctly 1`] = `
{
  "$$typeof": Symbol(react.test.json),
  "children": [
    {
      "$$typeof": Symbol(react.test.json),
      "children": [
        {
          "$$typeof": Symbol(react.test.json),
          "children": [
            {
              "$$typeof": Symbol(react.test.json),
              "children": [
                "All Articles",
              ],
              "props": {
                "aria-current": "page",
                "className": "",
                "href": "/",
                "onClick": [Function],
                "onMouseEnter": [Function],
                "style": {},
              },
              "type": "a",
            },
          ],
          "props": {
            "className": undefined,
          },
          "type": "div",
        },
        {
          "$$typeof": Symbol(react.test.json),
          "children": [
            {
              "$$typeof": Symbol(react.test.json),
              "children": [
                {
                  "$$typeof": Symbol(react.test.json),
                  "children": [
                    "Perfecting the Art of Perfection",
                  ],
                  "props": {
                    "className": undefined,
                  },
                  "type": "h1",
                },
                {
                  "$$typeof": Symbol(react.test.json),
                  "children": null,
                  "props": {
                    "className": undefined,
                    "dangerouslySetInnerHTML": {
                      "__html": "<p>An Essay on Typography by Eric Gill takes the reader back to the year 1930. The year when a conflict between two worlds came to its term. The machines of the industrial world finally took over the handicrafts.</p>",
                    },
                  },
                  "type": "div",
                },
              ],
              "props": {
                "className": undefined,
              },
              "type": "div",
            },
          ],
          "props": {
            "className": undefined,
          },
          "type": "div",
        },
        {
          "$$typeof": Symbol(react.test.json),
          "children": [
            {
              "$$typeof": Symbol(react.test.json),
              "children": [
                {
                  "$$typeof": Symbol(react.test.json),
                  "children": [
                    "Published",
                    " ",
                    "Sep 1, 2016",
                  ],
                  "props": {
                    "className": undefined,
                  },
                  "type": "p",
                },
              ],
              "props": {
                "className": undefined,
              },
              "type": "div",
            },
            {
              "$$typeof": Symbol(react.test.json),
              "children": [
                {
                  "$$typeof": Symbol(react.test.json),
                  "children": [
                    "A blog about blockchain technology, DeFi, and the future of finance.",
                    {
                      "$$typeof": Symbol(react.test.json),
                      "children": [
                        {
                          "$$typeof": Symbol(react.test.json),
                          "children": [
                            "Jay Schulman",
                          ],
                          "props": {},
                          "type": "strong",
                        },
                        " on X",
                      ],
                      "props": {
                        "className": undefined,
                        "href": "https://www.x.com/#",
                        "rel": "noopener noreferrer",
                        "target": "_blank",
                      },
                      "type": "a",
                    },
                  ],
                  "props": {
                    "className": undefined,
                  },
                  "type": "p",
                },
              ],
              "props": {
                "className": undefined,
              },
              "type": "div",
            },
          ],
          "props": {
            "className": undefined,
          },
          "type": "div",
        },
      ],
      "props": {
        "className": undefined,
      },
      "type": "div",
    },
  ],
  "props": {
    "className": undefined,
  },
  "type": "div",
}
`;
